[Licensing::Module] Trying to connect to existing licensing client channel...
Built from '6000.2/respin/6000.2.7f1-2eb0c79396db' branch; Version is '6000.2.7f2 (2b518236b676) revision 2838914'; Using compiler version '194234433'; Build Type 'Release'
[Licensing::IpcConnector] Successfully connected to: "LicenseClient-Hactazia" at "2025-11-16T14:58:55.37925Z"
OS: 'Windows 11  (10.0.26200) 64bit Professional' Language: 'fr' Physical Memory: 32678 MB
BatchMode: 1, IsHumanControllingUs: 0, StartBugReporterOnCrash: 0, Is64bit: 1
Date: 2025-11-16T14:58:55Z

COMMAND LINE ARGUMENTS:
C:\Program Files\Unity\Hub\Editor\6000.2.7f2\Editor\Unity.exe
-quit
-batchmode
-nographics
-projectPath
U:\Projets\nox\runtime
-executeMethod
dev.nox.game_builder.BuildGame.PerformBuild
-buildTarget
StandaloneWindows64
-customBuildPath
U:\Projets\nox\runtime\Builds
-customBuildName
NoxRuntime
-development
true
-logFile
U:\Projets\nox\runtime\build.log
Successfully changed project path to: U:\Projets\nox\runtime
U:/Projets/nox/runtime
Exiting without the bug reporter. Application will terminate with return code 1